{
  "message": "Enter a valid date in the format of YYYYMMDD"
}