{
  "data": {
    "article": "Albert_Einstein",
    "views": 23979
  },
  "meta": {
    "date": "2023101700"
  }
}