{
  "data": {
    "Albert_Einstein": 631058
  },
  "meta": {
    "date": {
      "month_range": {
        "end": "Tue, 31 Oct 2023 00:00:00 GMT",
        "start": "Sun, 01 Oct 2023 00:00:00 GMT"
      },
      "original_value": "20231001"
    }
  }
}