{
  "data": {
    "Albert_Einstein": 140056
  },
  "meta": {
    "date": {
      "original_value": "20231001",
      "week_range": {
        "end": "Sat, 07 Oct 2023 00:00:00 GMT",
        "start": "Sun, 01 Oct 2023 00:00:00 GMT"
      }
    }
  }
}